Release 14.7 - xst P.20131013 (nt64)
Copyright (c) 1995-2013 Xilinx, Inc.  All rights reserved.
--> Parameter TMPDIR set to xst/projnav.tmp


Total REAL time to Xst completion: 0.00 secs
Total CPU time to Xst completion: 0.11 secs
 
--> Parameter xsthdpdir set to xst


Total REAL time to Xst completion: 0.00 secs
Total CPU time to Xst completion: 0.11 secs
 
--> Reading design: mips.prj

TABLE OF CONTENTS
  1) Synthesis Options Summary
  2) HDL Parsing
  3) HDL Elaboration
  4) HDL Synthesis
       4.1) HDL Synthesis Report
  5) Advanced HDL Synthesis
       5.1) Advanced HDL Synthesis Report
  6) Low Level Synthesis
  7) Partition Report
  8) Design Summary
       8.1) Primitive and Black Box Usage
       8.2) Device utilization summary
       8.3) Partition Resource Summary
       8.4) Timing Report
            8.4.1) Clock Information
            8.4.2) Asynchronous Control Signals Information
            8.4.3) Timing Summary
            8.4.4) Timing Details
            8.4.5) Cross Clock Domains Report


=========================================================================
*                      Synthesis Options Summary                        *
=========================================================================
---- Source Parameters
Input File Name                    : "mips.prj"
Ignore Synthesis Constraint File   : NO

---- Target Parameters
Output File Name                   : "mips"
Output Format                      : NGC
Target Device                      : xc6slx9-2-csg324

---- Source Options
Top Module Name                    : mips
Automatic FSM Extraction           : YES
FSM Encoding Algorithm             : Auto
Safe Implementation                : No
FSM Style                          : LUT
RAM Extraction                     : Yes
RAM Style                          : Auto
ROM Extraction                     : Yes
Shift Register Extraction          : YES
ROM Style                          : Auto
Resource Sharing                   : YES
Asynchronous To Synchronous        : NO
Shift Register Minimum Size        : 2
Use DSP Block                      : Auto
Automatic Register Balancing       : No

---- Target Options
LUT Combining                      : Auto
Reduce Control Sets                : Auto
Add IO Buffers                     : YES
Global Maximum Fanout              : 100000
Add Generic Clock Buffer(BUFG)     : 16
Register Duplication               : YES
Optimize Instantiated Primitives   : NO
Use Clock Enable                   : Auto
Use Synchronous Set                : Auto
Use Synchronous Reset              : Auto
Pack IO Registers into IOBs        : Auto
Equivalent register Removal        : YES

---- General Options
Optimization Goal                  : Speed
Optimization Effort                : 1
Power Reduction                    : NO
Keep Hierarchy                     : No
Netlist Hierarchy                  : As_Optimized
RTL Output                         : Yes
Global Optimization                : AllClockNets
Read Cores                         : YES
Write Timing Constraints           : NO
Cross Clock Analysis               : NO
Hierarchy Separator                : /
Bus Delimiter                      : <>
Case Specifier                     : Maintain
Slice Utilization Ratio            : 100
BRAM Utilization Ratio             : 100
DSP48 Utilization Ratio            : 100
Auto BRAM Packing                  : NO
Slice Utilization Ratio Delta      : 5

=========================================================================


=========================================================================
*                          HDL Parsing                                  *
=========================================================================
Parsing VHDL file "D:\GitHubRepos\TPSD2\MIPSPrueba\general.vhd" into library work
Parsing package <general>.
Parsing package body <general>.
Parsing VHDL file "D:\GitHubRepos\TPSD2\MIPSPrueba\VGA_Sync.vhd" into library work
Parsing entity <VGA_Sync>.
Parsing architecture <Behavioral> of entity <vga_sync>.
Parsing VHDL file "D:\GitHubRepos\TPSD2\MIPSPrueba\RAM.vhd" into library work
Parsing entity <RAM>.
Parsing architecture <Behavioral> of entity <ram>.
Parsing VHDL file "D:\GitHubRepos\TPSD2\MIPSPrueba\Pinta_IMG.vhd" into library work
Parsing entity <Pinta_IMG>.
Parsing architecture <behavioral> of entity <pinta_img>.
Parsing VHDL file "D:\GitHubRepos\TPSD2\MIPSPrueba\setIn.vhd" into library work
Parsing entity <setIn>.
Parsing architecture <Behavioral> of entity <setin>.
Parsing VHDL file "D:\GitHubRepos\TPSD2\MIPSPrueba\pauseIn.vhd" into library work
Parsing entity <pauseIn>.
Parsing architecture <Behavioral> of entity <pausein>.
Parsing VHDL file "D:\GitHubRepos\TPSD2\MIPSPrueba\mmioVGA.vhd" into library work
Parsing entity <mmioVGA>.
Parsing architecture <Behavioral> of entity <mmiovga>.
Parsing VHDL file "D:\GitHubRepos\TPSD2\MIPSPrueba\md.vhd" into library work
Parsing entity <md>.
Parsing architecture <Behavioral> of entity <md>.
Parsing VHDL file "D:\GitHubRepos\TPSD2\MIPSPrueba\dirPixel.vhd" into library work
Parsing entity <dirPixel>.
Parsing architecture <Behavioral> of entity <dirpixel>.
Parsing VHDL file "D:\GitHubRepos\TPSD2\MIPSPrueba\decodificador.vhd" into library work
Parsing entity <decodificador>.
Parsing architecture <Behavioral> of entity <decodificador>.
Parsing VHDL file "D:\GitHubRepos\TPSD2\MIPSPrueba\barrel_shifter.vhd" into library work
Parsing entity <barrel_shifter>.
Parsing architecture <RTL> of entity <barrel_shifter>.
Parsing VHDL file "D:\GitHubRepos\TPSD2\MIPSPrueba\alu_parcial.vhd" into library work
Parsing entity <alu_parcial>.
Parsing architecture <Behavioral> of entity <alu_parcial>.
Parsing VHDL file "D:\GitHubRepos\TPSD2\MIPSPrueba\suma_4.vhd" into library work
Parsing entity <suma_4>.
Parsing architecture <Behavioral> of entity <suma_4>.
Parsing VHDL file "D:\GitHubRepos\TPSD2\MIPSPrueba\sumador32.vhd" into library work
Parsing entity <sumador32>.
Parsing architecture <Behavioral> of entity <sumador32>.
Parsing VHDL file "D:\GitHubRepos\TPSD2\MIPSPrueba\shift_left_j.vhd" into library work
Parsing entity <shift_left_j>.
Parsing architecture <Behavioral> of entity <shift_left_j>.
Parsing VHDL file "D:\GitHubRepos\TPSD2\MIPSPrueba\shift_left16.vhd" into library work
Parsing entity <shift_left16>.
Parsing architecture <Behavioral> of entity <shift_left16>.
Parsing VHDL file "D:\GitHubRepos\TPSD2\MIPSPrueba\shift_left.vhd" into library work
Parsing entity <shift_left>.
Parsing architecture <Behavioral> of entity <shift_left>.
Parsing VHDL file "D:\GitHubRepos\TPSD2\MIPSPrueba\reg.vhd" into library work
Parsing entity <reg>.
Parsing architecture <Behavioral> of entity <reg>.
Parsing VHDL file "D:\GitHubRepos\TPSD2\MIPSPrueba\pc.vhd" into library work
Parsing entity <pc>.
Parsing architecture <Behavioral> of entity <pc>.
Parsing VHDL file "D:\GitHubRepos\TPSD2\MIPSPrueba\mux5_4a1.vhd" into library work
Parsing entity <mux5_4a1>.
Parsing architecture <Behavioral> of entity <mux5_4a1>.
Parsing VHDL file "D:\GitHubRepos\TPSD2\MIPSPrueba\mux32_4a1.vhd" into library work
Parsing entity <mux32_4a1>.
Parsing architecture <Behavioral> of entity <mux32_4a1>.
Parsing VHDL file "D:\GitHubRepos\TPSD2\MIPSPrueba\mux32.vhd" into library work
Parsing entity <mux32>.
Parsing architecture <Behavioral> of entity <mux32>.
Parsing VHDL file "D:\GitHubRepos\TPSD2\MIPSPrueba\mi.vhd" into library work
Parsing entity <mi>.
Parsing architecture <Behavioral> of entity <mi>.
Parsing VHDL file "D:\GitHubRepos\TPSD2\MIPSPrueba\md_io.vhd" into library work
Parsing entity <md_io>.
Parsing architecture <Behavioral> of entity <md_io>.
Parsing VHDL file "D:\GitHubRepos\TPSD2\MIPSPrueba\JR_detect.vhd" into library work
Parsing entity <JR_detect>.
Parsing architecture <Behavioral> of entity <jr_detect>.
Parsing VHDL file "D:\GitHubRepos\TPSD2\MIPSPrueba\exten_signo_cero.vhd" into library work
Parsing entity <exten_signo_cero>.
Parsing architecture <Behavioral> of entity <exten_signo_cero>.
Parsing VHDL file "D:\GitHubRepos\TPSD2\MIPSPrueba\control_branch.vhd" into library work
Parsing entity <control_branch>.
Parsing architecture <Behavioral> of entity <control_branch>.
Parsing VHDL file "D:\GitHubRepos\TPSD2\MIPSPrueba\control1.vhd" into library work
Parsing entity <control1>.
Parsing architecture <Behavioral> of entity <control1>.
Parsing VHDL file "D:\GitHubRepos\TPSD2\MIPSPrueba\Clock_divider.vhd" into library work
Parsing entity <Clock_divider>.
Parsing architecture <Behavioral> of entity <clock_divider>.
Parsing VHDL file "D:\GitHubRepos\TPSD2\MIPSPrueba\antirebote.vhd" into library work
Parsing entity <antirebote>.
Parsing architecture <Behavioral> of entity <antirebote>.
Parsing VHDL file "D:\GitHubRepos\TPSD2\MIPSPrueba\alu_control.vhd" into library work
Parsing entity <alu_control>.
Parsing architecture <Behavioral> of entity <alu_control>.
Parsing VHDL file "D:\GitHubRepos\TPSD2\MIPSPrueba\alu.vhd" into library work
Parsing entity <alu>.
Parsing architecture <Behavioral> of entity <alu>.
Parsing VHDL file "D:\GitHubRepos\TPSD2\MIPSPrueba\mips.vhd" into library work
Parsing entity <mips>.
Parsing architecture <Behavioral> of entity <mips>.

=========================================================================
*                            HDL Elaboration                            *
=========================================================================

Elaborating entity <mips> (architecture <Behavioral>) from library <work>.

Elaborating entity <Clock_divider> (architecture <Behavioral>) from library <work>.

Elaborating entity <antirebote> (architecture <Behavioral>) from library <work>.

Elaborating entity <pc> (architecture <Behavioral>) from library <work>.

Elaborating entity <suma_4> (architecture <Behavioral>) from library <work>.

Elaborating entity <mi> (architecture <Behavioral>) from library <work>.

Elaborating entity <mux5_4a1> (architecture <Behavioral>) from library <work>.

Elaborating entity <reg> (architecture <Behavioral>) from library <work>.

Elaborating entity <shift_left16> (architecture <Behavioral>) from library <work>.

Elaborating entity <alu> (architecture <Behavioral>) from library <work>.

Elaborating entity <alu_parcial> (architecture <Behavioral>) from library <work>.

Elaborating entity <barrel_shifter> (architecture <RTL>) from library <work>.

Elaborating entity <exten_signo_cero> (architecture <Behavioral>) from library <work>.

Elaborating entity <control_branch> (architecture <Behavioral>) from library <work>.

Elaborating entity <md_io> (architecture <Behavioral>) from library <work>.

Elaborating entity <setIn> (architecture <Behavioral>) from library <work>.

Elaborating entity <pauseIn> (architecture <Behavioral>) from library <work>.

Elaborating entity <dirPixel> (architecture <Behavioral>) from library <work>.

Elaborating entity <decodificador> (architecture <Behavioral>) from library <work>.

Elaborating entity <md> (architecture <Behavioral>) from library <work>.
INFO:HDLCompiler:679 - "D:\GitHubRepos\TPSD2\MIPSPrueba\md.vhd" Line 95. Case statement is complete. others clause is never selected
INFO:HDLCompiler:679 - "D:\GitHubRepos\TPSD2\MIPSPrueba\md.vhd" Line 117. Case statement is complete. others clause is never selected
INFO:HDLCompiler:679 - "D:\GitHubRepos\TPSD2\MIPSPrueba\md.vhd" Line 159. Case statement is complete. others clause is never selected

Elaborating entity <mmioVGA> (architecture <Behavioral>) from library <work>.

Elaborating entity <Pinta_IMG> (architecture <behavioral>) from library <work>.

Elaborating entity <VGA_Sync> (architecture <Behavioral>) from library <work>.

Elaborating entity <RAM> (architecture <Behavioral>) from library <work>.
INFO:HDLCompiler:679 - "D:\GitHubRepos\TPSD2\MIPSPrueba\RAM.vhd" Line 108. Case statement is complete. others clause is never selected
INFO:HDLCompiler:679 - "D:\GitHubRepos\TPSD2\MIPSPrueba\RAM.vhd" Line 147. Case statement is complete. others clause is never selected
INFO:HDLCompiler:679 - "D:\GitHubRepos\TPSD2\MIPSPrueba\RAM.vhd" Line 169. Case statement is complete. others clause is never selected
INFO:HDLCompiler:679 - "D:\GitHubRepos\TPSD2\MIPSPrueba\RAM.vhd" Line 194. Case statement is complete. others clause is never selected

Elaborating entity <mux32> (architecture <Behavioral>) from library <work>.

Elaborating entity <mux32_4a1> (architecture <Behavioral>) from library <work>.

Elaborating entity <shift_left> (architecture <Behavioral>) from library <work>.

Elaborating entity <shift_left_j> (architecture <Behavioral>) from library <work>.

Elaborating entity <sumador32> (architecture <Behavioral>) from library <work>.

Elaborating entity <alu_control> (architecture <Behavioral>) from library <work>.

Elaborating entity <JR_detect> (architecture <Behavioral>) from library <work>.

Elaborating entity <control1> (architecture <Behavioral>) from library <work>.

=========================================================================
*                           HDL Synthesis                               *
=========================================================================

Synthesizing Unit <mips>.
    Related source file is "D:\GitHubRepos\TPSD2\MIPSPrueba\mips.vhd".
INFO:Xst:3210 - "D:\GitHubRepos\TPSD2\MIPSPrueba\mips.vhd" line 285: Output port <clk_50Mhz> of the instance <Inst_Clock_divider> is unconnected or connected to loadless signal.
    Summary:
	no macro.
Unit <mips> synthesized.

Synthesizing Unit <Clock_divider>.
    Related source file is "D:\GitHubRepos\TPSD2\MIPSPrueba\Clock_divider.vhd".
    Found 2-bit register for signal <count>.
    Found 2-bit adder for signal <count[1]_GND_5_o_add_1_OUT> created at line 51.
    Summary:
	inferred   1 Adder/Subtractor(s).
	inferred   2 D-type flip-flop(s).
Unit <Clock_divider> synthesized.

Synthesizing Unit <antirebote>.
    Related source file is "D:\GitHubRepos\TPSD2\MIPSPrueba\antirebote.vhd".
    Found 1-bit register for signal <reset>.
    Summary:
	inferred   1 D-type flip-flop(s).
Unit <antirebote> synthesized.

Synthesizing Unit <pc>.
    Related source file is "D:\GitHubRepos\TPSD2\MIPSPrueba\pc.vhd".
    Found 32-bit register for signal <s>.
    Summary:
	inferred  32 D-type flip-flop(s).
Unit <pc> synthesized.

Synthesizing Unit <suma_4>.
    Related source file is "D:\GitHubRepos\TPSD2\MIPSPrueba\suma_4.vhd".
    Found 32-bit adder for signal <s> created at line 38.
    Summary:
	inferred   1 Adder/Subtractor(s).
Unit <suma_4> synthesized.

Synthesizing Unit <mi>.
    Related source file is "D:\GitHubRepos\TPSD2\MIPSPrueba\mi.vhd".
    Found 1024x32-bit Read Only RAM for signal <s>
    Summary:
	inferred   1 RAM(s).
Unit <mi> synthesized.

Synthesizing Unit <mux5_4a1>.
    Related source file is "D:\GitHubRepos\TPSD2\MIPSPrueba\mux5_4a1.vhd".
    Summary:
	inferred   1 Multiplexer(s).
Unit <mux5_4a1> synthesized.

Synthesizing Unit <reg>.
    Related source file is "D:\GitHubRepos\TPSD2\MIPSPrueba\reg.vhd".
    Found 32-bit register for signal <reg<1>>.
    Found 32-bit register for signal <reg<2>>.
    Found 32-bit register for signal <reg<3>>.
    Found 32-bit register for signal <reg<4>>.
    Found 32-bit register for signal <reg<5>>.
    Found 32-bit register for signal <reg<6>>.
    Found 32-bit register for signal <reg<7>>.
    Found 32-bit register for signal <reg<8>>.
    Found 32-bit register for signal <reg<9>>.
    Found 32-bit register for signal <reg<10>>.
    Found 32-bit register for signal <reg<11>>.
    Found 32-bit register for signal <reg<12>>.
    Found 32-bit register for signal <reg<13>>.
    Found 32-bit register for signal <reg<14>>.
    Found 32-bit register for signal <reg<15>>.
    Found 32-bit register for signal <reg<16>>.
    Found 32-bit register for signal <reg<17>>.
    Found 32-bit register for signal <reg<18>>.
    Found 32-bit register for signal <reg<19>>.
    Found 32-bit register for signal <reg<20>>.
    Found 32-bit register for signal <reg<21>>.
    Found 32-bit register for signal <reg<22>>.
    Found 32-bit register for signal <reg<23>>.
    Found 32-bit register for signal <reg<24>>.
    Found 32-bit register for signal <reg<25>>.
    Found 32-bit register for signal <reg<26>>.
    Found 32-bit register for signal <reg<27>>.
    Found 32-bit register for signal <reg<28>>.
    Found 32-bit register for signal <reg<29>>.
    Found 32-bit register for signal <reg<30>>.
    Found 32-bit register for signal <reg<0>>.
    Found 5-bit subtractor for signal <GND_16_o_GND_16_o_sub_2_OUT<4:0>> created at line 52.
    Found 5-bit subtractor for signal <GND_16_o_GND_16_o_sub_6_OUT<4:0>> created at line 54.
    Found 5-bit subtractor for signal <GND_16_o_GND_16_o_sub_10_OUT<4:0>> created at line 63.
INFO:Xst:3019 - HDL ADVISOR - 1024 flip-flops were inferred for signal <reg>. You may be trying to describe a RAM in a way that is incompatible with block and distributed RAM resources available on Xilinx devices, or with a specific template that is not supported. Please review the Xilinx resources documentation and the XST user manual for coding guidelines. Taking advantage of RAM resources will lead to improved device usage and reduced synthesis time.
INFO:Xst:3019 - HDL ADVISOR - 1024 flip-flops were inferred for signal <reg>. You may be trying to describe a RAM in a way that is incompatible with block and distributed RAM resources available on Xilinx devices, or with a specific template that is not supported. Please review the Xilinx resources documentation and the XST user manual for coding guidelines. Taking advantage of RAM resources will lead to improved device usage and reduced synthesis time.
    Found 32-bit 31-to-1 multiplexer for signal <GND_16_o_X_16_o_wide_mux_2_OUT> created at line 52.
    Found 32-bit 31-to-1 multiplexer for signal <GND_16_o_X_16_o_wide_mux_6_OUT> created at line 54.
    Summary:
	inferred   3 Adder/Subtractor(s).
	inferred 992 D-type flip-flop(s).
	inferred   4 Multiplexer(s).
Unit <reg> synthesized.

Synthesizing Unit <shift_left16>.
    Related source file is "D:\GitHubRepos\TPSD2\MIPSPrueba\shift_left16.vhd".
    Summary:
	no macro.
Unit <shift_left16> synthesized.

Synthesizing Unit <alu>.
    Related source file is "D:\GitHubRepos\TPSD2\MIPSPrueba\alu.vhd".
    Summary:
	inferred   5 Multiplexer(s).
Unit <alu> synthesized.

Synthesizing Unit <alu_parcial>.
    Related source file is "D:\GitHubRepos\TPSD2\MIPSPrueba\alu_parcial.vhd".
    Found 32-bit adder for signal <n0037> created at line 55.
    Found 32-bit adder for signal <suma> created at line 55.
    Found 32-bit comparator greater for signal <op2[31]_op1[31]_LessThan_9_o> created at line 71
    Found 32-bit comparator greater for signal <op1[31]_op2[31]_LessThan_11_o> created at line 79
    Summary:
	inferred   2 Adder/Subtractor(s).
	inferred   2 Comparator(s).
	inferred  11 Multiplexer(s).
Unit <alu_parcial> synthesized.

Synthesizing Unit <barrel_shifter>.
    Related source file is "D:\GitHubRepos\TPSD2\MIPSPrueba\barrel_shifter.vhd".
    Found 32-bit shifter arithmetic right for signal <e[31]_control[4]_shift_right_3_OUT> created at line 47
    Found 32-bit shifter logical right for signal <e[31]_control[4]_shift_right_5_OUT> created at line 46
    Found 32-bit shifter logical left for signal <e[31]_control[4]_shift_left_7_OUT> created at line 45
    Found 32-bit 4-to-1 multiplexer for signal <s> created at line 38.
    Summary:
	inferred   1 Multiplexer(s).
	inferred   3 Combinational logic shifter(s).
Unit <barrel_shifter> synthesized.

Synthesizing Unit <exten_signo_cero>.
    Related source file is "D:\GitHubRepos\TPSD2\MIPSPrueba\exten_signo_cero.vhd".
    Summary:
	inferred   2 Multiplexer(s).
Unit <exten_signo_cero> synthesized.

Synthesizing Unit <control_branch>.
    Related source file is "D:\GitHubRepos\TPSD2\MIPSPrueba\control_branch.vhd".
    Summary:
	no macro.
Unit <control_branch> synthesized.

Synthesizing Unit <md_io>.
    Related source file is "D:\GitHubRepos\TPSD2\MIPSPrueba\md_io.vhd".
    Summary:
	inferred   5 Multiplexer(s).
Unit <md_io> synthesized.

Synthesizing Unit <setIn>.
    Related source file is "D:\GitHubRepos\TPSD2\MIPSPrueba\setIn.vhd".
    Found 1-bit register for signal <set>.
    Summary:
	inferred   1 D-type flip-flop(s).
Unit <setIn> synthesized.

Synthesizing Unit <pauseIn>.
    Related source file is "D:\GitHubRepos\TPSD2\MIPSPrueba\pauseIn.vhd".
    Found 1-bit register for signal <pause>.
    Summary:
	inferred   1 D-type flip-flop(s).
Unit <pauseIn> synthesized.

Synthesizing Unit <dirPixel>.
    Related source file is "D:\GitHubRepos\TPSD2\MIPSPrueba\dirPixel.vhd".
    Summary:
	inferred   1 Multiplexer(s).
Unit <dirPixel> synthesized.

Synthesizing Unit <decodificador>.
    Related source file is "D:\GitHubRepos\TPSD2\MIPSPrueba\decodificador.vhd".
    Summary:
	no macro.
Unit <decodificador> synthesized.

Synthesizing Unit <md>.
    Related source file is "D:\GitHubRepos\TPSD2\MIPSPrueba\md.vhd".
    Found 1024x8-bit single-port RAM <Mram_mem01> for signal <mem01>.
    Found 1024x8-bit single-port RAM <Mram_mem00> for signal <mem00>.
    Found 1024x8-bit single-port RAM <Mram_mem11> for signal <mem11>.
    Found 1024x8-bit single-port RAM <Mram_mem10> for signal <mem10>.
    Found 32-bit 4-to-1 multiplexer for signal <dir[1]_GND_28_o_wide_mux_12_OUT> created at line 75.
    Found 32-bit 4-to-1 multiplexer for signal <dir[1]_GND_28_o_wide_mux_17_OUT> created at line 86.
    Found 32-bit 4-to-1 multiplexer for signal <dir[1]_GND_28_o_wide_mux_18_OUT> created at line 99.
    Found 32-bit 4-to-1 multiplexer for signal <dir[1]_BUS_0153_wide_mux_23_OUT> created at line 108.
    Found 32-bit 7-to-1 multiplexer for signal <tipoAcc[2]_GND_28_o_wide_mux_24_OUT> created at line 68.
    Summary:
	inferred   4 RAM(s).
	inferred  28 Multiplexer(s).
Unit <md> synthesized.

Synthesizing Unit <mmioVGA>.
    Related source file is "D:\GitHubRepos\TPSD2\MIPSPrueba\mmioVGA.vhd".
    Summary:
	no macro.
Unit <mmioVGA> synthesized.

Synthesizing Unit <Pinta_IMG>.
    Related source file is "D:\GitHubRepos\TPSD2\MIPSPrueba\Pinta_IMG.vhd".
    Found 14-bit adder for signal <n0014> created at line 57.
    Summary:
	inferred   1 Adder/Subtractor(s).
	inferred   4 Multiplexer(s).
Unit <Pinta_IMG> synthesized.

Synthesizing Unit <div_10u_6u>.
    Related source file is "".
    Found 16-bit adder for signal <GND_31_o_b[5]_add_1_OUT> created at line 0.
    Found 15-bit adder for signal <GND_31_o_b[5]_add_3_OUT> created at line 0.
    Found 14-bit adder for signal <GND_31_o_b[5]_add_5_OUT> created at line 0.
    Found 13-bit adder for signal <GND_31_o_b[5]_add_7_OUT> created at line 0.
    Found 12-bit adder for signal <GND_31_o_b[5]_add_9_OUT> created at line 0.
    Found 11-bit adder for signal <GND_31_o_b[5]_add_11_OUT> created at line 0.
    Found 10-bit adder for signal <a[9]_b[5]_add_13_OUT> created at line 0.
    Found 10-bit adder for signal <a[9]_GND_31_o_add_15_OUT[9:0]> created at line 0.
    Found 10-bit adder for signal <a[9]_GND_31_o_add_17_OUT[9:0]> created at line 0.
    Found 10-bit adder for signal <a[9]_GND_31_o_add_19_OUT[9:0]> created at line 0.
    Found 16-bit comparator lessequal for signal <BUS_0001> created at line 0
    Found 15-bit comparator lessequal for signal <BUS_0002> created at line 0
    Found 14-bit comparator lessequal for signal <BUS_0003> created at line 0
    Found 13-bit comparator lessequal for signal <BUS_0004> created at line 0
    Found 12-bit comparator lessequal for signal <BUS_0005> created at line 0
    Found 11-bit comparator lessequal for signal <BUS_0006> created at line 0
    Found 10-bit comparator lessequal for signal <BUS_0007> created at line 0
    Found 10-bit comparator lessequal for signal <BUS_0008> created at line 0
    Found 10-bit comparator lessequal for signal <BUS_0009> created at line 0
    Found 10-bit comparator lessequal for signal <BUS_0010> created at line 0
    Found 10-bit comparator lessequal for signal <BUS_0011> created at line 0
    Summary:
	inferred  10 Adder/Subtractor(s).
	inferred  11 Comparator(s).
	inferred  73 Multiplexer(s).
Unit <div_10u_6u> synthesized.

Synthesizing Unit <div_10u_5u>.
    Related source file is "".
    Found 15-bit adder for signal <GND_32_o_b[4]_add_1_OUT> created at line 0.
    Found 14-bit adder for signal <GND_32_o_b[4]_add_3_OUT> created at line 0.
    Found 13-bit adder for signal <GND_32_o_b[4]_add_5_OUT> created at line 0.
    Found 12-bit adder for signal <GND_32_o_b[4]_add_7_OUT> created at line 0.
    Found 11-bit adder for signal <GND_32_o_b[4]_add_9_OUT> created at line 0.
    Found 10-bit adder for signal <a[9]_b[4]_add_11_OUT> created at line 0.
    Found 10-bit adder for signal <a[9]_GND_32_o_add_13_OUT> created at line 0.
    Found 10-bit adder for signal <a[9]_GND_32_o_add_15_OUT[9:0]> created at line 0.
    Found 10-bit adder for signal <a[9]_GND_32_o_add_17_OUT[9:0]> created at line 0.
    Found 10-bit adder for signal <a[9]_GND_32_o_add_19_OUT[9:0]> created at line 0.
    Found 15-bit comparator lessequal for signal <BUS_0001> created at line 0
    Found 14-bit comparator lessequal for signal <BUS_0002> created at line 0
    Found 13-bit comparator lessequal for signal <BUS_0003> created at line 0
    Found 12-bit comparator lessequal for signal <BUS_0004> created at line 0
    Found 11-bit comparator lessequal for signal <BUS_0005> created at line 0
    Found 10-bit comparator lessequal for signal <BUS_0006> created at line 0
    Found 10-bit comparator lessequal for signal <BUS_0007> created at line 0
    Found 10-bit comparator lessequal for signal <BUS_0008> created at line 0
    Found 10-bit comparator lessequal for signal <BUS_0009> created at line 0
    Found 10-bit comparator lessequal for signal <BUS_0010> created at line 0
    Found 10-bit comparator lessequal for signal <BUS_0011> created at line 0
    Summary:
	inferred  10 Adder/Subtractor(s).
	inferred  11 Comparator(s).
	inferred  73 Multiplexer(s).
Unit <div_10u_5u> synthesized.

Synthesizing Unit <VGA_Sync>.
    Related source file is "D:\GitHubRepos\TPSD2\MIPSPrueba\VGA_Sync.vhd".
    Found 10-bit register for signal <vCount>.
    Found 10-bit register for signal <hCount>.
    Found 10-bit register for signal <nextHCount>.
    Found 10-bit register for signal <nextVCount>.
    Found 1-bit register for signal <VSync>.
    Found 1-bit register for signal <HSync>.
    Found 1-bit register for signal <video_on>.
    Found 10-bit adder for signal <vCount[9]_GND_33_o_add_2_OUT> created at line 69.
    Found 10-bit adder for signal <hCount[9]_GND_33_o_add_11_OUT> created at line 83.
    Found 10-bit comparator lessequal for signal <n0013> created at line 86
    Found 10-bit comparator greater for signal <vCount[9]_GND_33_o_LessThan_16_o> created at line 86
    Found 10-bit comparator lessequal for signal <n0018> created at line 92
    Found 10-bit comparator greater for signal <hCount[9]_PWR_45_o_LessThan_18_o> created at line 92
    Found 10-bit comparator greater for signal <hCount[9]_PWR_45_o_LessThan_19_o> created at line 98
    Found 10-bit comparator greater for signal <vCount[9]_GND_33_o_LessThan_20_o> created at line 98
    Summary:
	inferred   2 Adder/Subtractor(s).
	inferred  43 D-type flip-flop(s).
	inferred   6 Comparator(s).
	inferred   2 Multiplexer(s).
Unit <VGA_Sync> synthesized.

Synthesizing Unit <RAM>.
    Related source file is "D:\GitHubRepos\TPSD2\MIPSPrueba\RAM.vhd".
    Found 64x8-bit dual-port RAM <Mram_mem01> for signal <mem01>.
    Found 64x8-bit dual-port RAM <Mram_mem00> for signal <mem00>.
    Found 64x8-bit dual-port RAM <Mram_mem11> for signal <mem11>.
    Found 64x8-bit dual-port RAM <Mram_mem10> for signal <mem10>.
    Found 32-bit 4-to-1 multiplexer for signal <addressMIPS[1]_GND_35_o_wide_mux_41_OUT> created at line 127.
    Found 32-bit 4-to-1 multiplexer for signal <addressMIPS[1]_GND_35_o_wide_mux_46_OUT> created at line 138.
    Found 32-bit 4-to-1 multiplexer for signal <addressMIPS[1]_GND_35_o_wide_mux_47_OUT> created at line 151.
    Found 32-bit 4-to-1 multiplexer for signal <addressMIPS[1]_BUS_0229_wide_mux_52_OUT> created at line 160.
    Found 32-bit 7-to-1 multiplexer for signal <tipoAcc[2]_GND_35_o_wide_mux_53_OUT> created at line 120.
    Found 8-bit 4-to-1 multiplexer for signal <addressVGA[1]_BUS_0261_wide_mux_59_OUT> created at line 185.
    Found 8-bit comparator not equal for signal <dir_match> created at line 70
    Summary:
	inferred   4 RAM(s).
	inferred   1 Comparator(s).
	inferred  30 Multiplexer(s).
Unit <RAM> synthesized.

Synthesizing Unit <mux32>.
    Related source file is "D:\GitHubRepos\TPSD2\MIPSPrueba\mux32.vhd".
    Summary:
	inferred   1 Multiplexer(s).
Unit <mux32> synthesized.

Synthesizing Unit <mux32_4a1>.
    Related source file is "D:\GitHubRepos\TPSD2\MIPSPrueba\mux32_4a1.vhd".
    Found 32-bit 4-to-1 multiplexer for signal <s> created at line 38.
    Summary:
	inferred   1 Multiplexer(s).
Unit <mux32_4a1> synthesized.

Synthesizing Unit <shift_left>.
    Related source file is "D:\GitHubRepos\TPSD2\MIPSPrueba\shift_left.vhd".
    Summary:
	no macro.
Unit <shift_left> synthesized.

Synthesizing Unit <shift_left_j>.
    Related source file is "D:\GitHubRepos\TPSD2\MIPSPrueba\shift_left_j.vhd".
    Summary:
	no macro.
Unit <shift_left_j> synthesized.

Synthesizing Unit <sumador32>.
    Related source file is "D:\GitHubRepos\TPSD2\MIPSPrueba\sumador32.vhd".
    Found 32-bit adder for signal <s> created at line 39.
    Summary:
	inferred   1 Adder/Subtractor(s).
Unit <sumador32> synthesized.

Synthesizing Unit <alu_control>.
    Related source file is "D:\GitHubRepos\TPSD2\MIPSPrueba\alu_control.vhd".
    Summary:
	inferred  13 Multiplexer(s).
Unit <alu_control> synthesized.

Synthesizing Unit <JR_detect>.
    Related source file is "D:\GitHubRepos\TPSD2\MIPSPrueba\JR_detect.vhd".
    Summary:
	no macro.
Unit <JR_detect> synthesized.

Synthesizing Unit <control1>.
    Related source file is "D:\GitHubRepos\TPSD2\MIPSPrueba\control1.vhd".
    Summary:
	inferred  15 Multiplexer(s).
Unit <control1> synthesized.

=========================================================================
HDL Synthesis Report

Macro Statistics
# RAMs                                                 : 9
 1024x32-bit single-port Read Only RAM                 : 1
 1024x8-bit single-port RAM                            : 4
 64x8-bit dual-port RAM                                : 4
# Adders/Subtractors                                   : 31
 10-bit adder                                          : 11
 11-bit adder                                          : 2
 12-bit adder                                          : 2
 13-bit adder                                          : 2
 14-bit adder                                          : 3
 15-bit adder                                          : 2
 16-bit adder                                          : 1
 2-bit adder                                           : 1
 32-bit adder                                          : 4
 5-bit subtractor                                      : 3
# Registers                                            : 43
 1-bit register                                        : 6
 10-bit register                                       : 4
 2-bit register                                        : 1
 32-bit register                                       : 32
# Comparators                                          : 31
 10-bit comparator greater                             : 4
 10-bit comparator lessequal                           : 13
 11-bit comparator lessequal                           : 2
 12-bit comparator lessequal                           : 2
 13-bit comparator lessequal                           : 2
 14-bit comparator lessequal                           : 2
 15-bit comparator lessequal                           : 2
 16-bit comparator lessequal                           : 1
 32-bit comparator greater                             : 2
 8-bit comparator not equal                            : 1
# Multiplexers                                         : 273
 1-bit 2-to-1 multiplexer                              : 152
 10-bit 2-to-1 multiplexer                             : 8
 2-bit 2-to-1 multiplexer                              : 7
 3-bit 2-to-1 multiplexer                              : 13
 32-bit 2-to-1 multiplexer                             : 26
 32-bit 31-to-1 multiplexer                            : 2
 32-bit 4-to-1 multiplexer                             : 11
 32-bit 7-to-1 multiplexer                             : 2
 4-bit 2-to-1 multiplexer                              : 13
 5-bit 2-to-1 multiplexer                              : 3
 8-bit 2-to-1 multiplexer                              : 35
 8-bit 4-to-1 multiplexer                              : 1
# Logic shifters                                       : 3
 32-bit shifter arithmetic right                       : 1
 32-bit shifter logical left                           : 1
 32-bit shifter logical right                          : 1
# Xors                                                 : 1
 32-bit xor2                                           : 1

=========================================================================

=========================================================================
*                       Advanced HDL Synthesis                          *
=========================================================================


Synthesizing (advanced) Unit <Clock_divider>.
The following registers are absorbed into counter <count>: 1 register on signal <count>.
Unit <Clock_divider> synthesized (advanced).

Synthesizing (advanced) Unit <RAM>.
INFO:Xst:3218 - HDL ADVISOR - The RAM <Mram_mem01> will be implemented on LUTs either because you have described an asynchronous read or because of currently unsupported block RAM features. If you have described an asynchronous read, making it synchronous would allow you to take advantage of available block RAM resources, for optimized device usage and improved timings. Please refer to your documentation for coding guidelines.
    -----------------------------------------------------------------------
    | ram_type           | Distributed                         |          |
    -----------------------------------------------------------------------
    | Port A                                                              |
    |     aspect ratio   | 64-word x 8-bit                     |          |
    |     clkA           | connected to signal <clk>           | rise     |
    |     weA            | connected to internal node          | high     |
    |     addrA          | connected to signal <addressMIPS<7:2>> |          |
    |     diA            | connected to signal <_n0160>        |          |
    |     doA            | connected to internal node          |          |
    -----------------------------------------------------------------------
    | Port B                                                              |
    |     aspect ratio   | 64-word x 8-bit                     |          |
    |     addrB          | connected to signal <addressVGA<7:2>> |          |
    |     doB            | connected to internal node          |          |
    -----------------------------------------------------------------------
INFO:Xst:3218 - HDL ADVISOR - The RAM <Mram_mem00> will be implemented on LUTs either because you have described an asynchronous read or because of currently unsupported block RAM features. If you have described an asynchronous read, making it synchronous would allow you to take advantage of available block RAM resources, for optimized device usage and improved timings. Please refer to your documentation for coding guidelines.
    -----------------------------------------------------------------------
    | ram_type           | Distributed                         |          |
    -----------------------------------------------------------------------
    | Port A                                                              |
    |     aspect ratio   | 64-word x 8-bit                     |          |
    |     clkA           | connected to signal <clk>           | rise     |
    |     weA            | connected to internal node          | high     |
    |     addrA          | connected to signal <addressMIPS<7:2>> |          |
    |     diA            | connected to signal <_n0168>        |          |
    |     doA            | connected to internal node          |          |
    -----------------------------------------------------------------------
    | Port B                                                              |
    |     aspect ratio   | 64-word x 8-bit                     |          |
    |     addrB          | connected to signal <addressVGA<7:2>> |          |
    |     doB            | connected to internal node          |          |
    -----------------------------------------------------------------------
INFO:Xst:3218 - HDL ADVISOR - The RAM <Mram_mem11> will be implemented on LUTs either because you have described an asynchronous read or because of currently unsupported block RAM features. If you have described an asynchronous read, making it synchronous would allow you to take advantage of available block RAM resources, for optimized device usage and improved timings. Please refer to your documentation for coding guidelines.
    -----------------------------------------------------------------------
    | ram_type           | Distributed                         |          |
    -----------------------------------------------------------------------
    | Port A                                                              |
    |     aspect ratio   | 64-word x 8-bit                     |          |
    |     clkA           | connected to signal <clk>           | rise     |
    |     weA            | connected to internal node          | high     |
    |     addrA          | connected to signal <addressMIPS<7:2>> |          |
    |     diA            | connected to signal <_n0176>        |          |
    |     doA            | connected to internal node          |          |
    -----------------------------------------------------------------------
    | Port B                                                              |
    |     aspect ratio   | 64-word x 8-bit                     |          |
    |     addrB          | connected to signal <addressVGA<7:2>> |          |
    |     doB            | connected to internal node          |          |
    -----------------------------------------------------------------------
INFO:Xst:3218 - HDL ADVISOR - The RAM <Mram_mem10> will be implemented on LUTs either because you have described an asynchronous read or because of currently unsupported block RAM features. If you have described an asynchronous read, making it synchronous would allow you to take advantage of available block RAM resources, for optimized device usage and improved timings. Please refer to your documentation for coding guidelines.
    -----------------------------------------------------------------------
    | ram_type           | Distributed                         |          |
    -----------------------------------------------------------------------
    | Port A                                                              |
    |     aspect ratio   | 64-word x 8-bit                     |          |
    |     clkA           | connected to signal <clk>           | rise     |
    |     weA            | connected to internal node          | high     |
    |     addrA          | connected to signal <addressMIPS<7:2>> |          |
    |     diA            | connected to signal <_n0184>        |          |
    |     doA            | connected to internal node          |          |
    -----------------------------------------------------------------------
    | Port B                                                              |
    |     aspect ratio   | 64-word x 8-bit                     |          |
    |     addrB          | connected to signal <addressVGA<7:2>> |          |
    |     doB            | connected to internal node          |          |
    -----------------------------------------------------------------------
Unit <RAM> synthesized (advanced).

Synthesizing (advanced) Unit <md>.
INFO:Xst:3218 - HDL ADVISOR - The RAM <Mram_mem01> will be implemented on LUTs either because you have described an asynchronous read or because of currently unsupported block RAM features. If you have described an asynchronous read, making it synchronous would allow you to take advantage of available block RAM resources, for optimized device usage and improved timings. Please refer to your documentation for coding guidelines.
    -----------------------------------------------------------------------
    | ram_type           | Distributed                         |          |
    -----------------------------------------------------------------------
    | Port A                                                              |
    |     aspect ratio   | 1024-word x 8-bit                   |          |
    |     clkA           | connected to signal <clk>           | rise     |
    |     weA            | connected to internal node          | high     |
    |     addrA          | connected to signal <dir<11:2>>     |          |
    |     diA            | connected to signal <_n0150>        |          |
    |     doA            | connected to internal node          |          |
    -----------------------------------------------------------------------
INFO:Xst:3218 - HDL ADVISOR - The RAM <Mram_mem00> will be implemented on LUTs either because you have described an asynchronous read or because of currently unsupported block RAM features. If you have described an asynchronous read, making it synchronous would allow you to take advantage of available block RAM resources, for optimized device usage and improved timings. Please refer to your documentation for coding guidelines.
    -----------------------------------------------------------------------
    | ram_type           | Distributed                         |          |
    -----------------------------------------------------------------------
    | Port A                                                              |
    |     aspect ratio   | 1024-word x 8-bit                   |          |
    |     clkA           | connected to signal <clk>           | rise     |
    |     weA            | connected to internal node          | high     |
    |     addrA          | connected to signal <dir<11:2>>     |          |
    |     diA            | connected to signal <_n0158>        |          |
    |     doA            | connected to internal node          |          |
    -----------------------------------------------------------------------
INFO:Xst:3218 - HDL ADVISOR - The RAM <Mram_mem11> will be implemented on LUTs either because you have described an asynchronous read or because of currently unsupported block RAM features. If you have described an asynchronous read, making it synchronous would allow you to take advantage of available block RAM resources, for optimized device usage and improved timings. Please refer to your documentation for coding guidelines.
    -----------------------------------------------------------------------
    | ram_type           | Distributed                         |          |
    -----------------------------------------------------------------------
    | Port A                                                              |
    |     aspect ratio   | 1024-word x 8-bit                   |          |
    |     clkA           | connected to signal <clk>           | rise     |
    |     weA            | connected to internal node          | high     |
    |     addrA          | connected to signal <dir<11:2>>     |          |
    |     diA            | connected to signal <_n0166>        |          |
    |     doA            | connected to internal node          |          |
    -----------------------------------------------------------------------
INFO:Xst:3218 - HDL ADVISOR - The RAM <Mram_mem10> will be implemented on LUTs either because you have described an asynchronous read or because of currently unsupported block RAM features. If you have described an asynchronous read, making it synchronous would allow you to take advantage of available block RAM resources, for optimized device usage and improved timings. Please refer to your documentation for coding guidelines.
    -----------------------------------------------------------------------
    | ram_type           | Distributed                         |          |
    -----------------------------------------------------------------------
    | Port A                                                              |
    |     aspect ratio   | 1024-word x 8-bit                   |          |
    |     clkA           | connected to signal <clk>           | rise     |
    |     weA            | connected to internal node          | high     |
    |     addrA          | connected to signal <dir<11:2>>     |          |
    |     diA            | connected to signal <_n0174>        |          |
    |     doA            | connected to internal node          |          |
    -----------------------------------------------------------------------
Unit <md> synthesized (advanced).

Synthesizing (advanced) Unit <mi>.
INFO:Xst:3218 - HDL ADVISOR - The RAM <Mram_s> will be implemented on LUTs either because you have described an asynchronous read or because of currently unsupported block RAM features. If you have described an asynchronous read, making it synchronous would allow you to take advantage of available block RAM resources, for optimized device usage and improved timings. Please refer to your documentation for coding guidelines.
    -----------------------------------------------------------------------
    | ram_type           | Distributed                         |          |
    -----------------------------------------------------------------------
    | Port A                                                              |
    |     aspect ratio   | 1024-word x 32-bit                  |          |
    |     weA            | connected to signal <GND>           | high     |
    |     addrA          | connected to signal <dir>           |          |
    |     diA            | connected to signal <GND>           |          |
    |     doA            | connected to signal <s>             |          |
    -----------------------------------------------------------------------
Unit <mi> synthesized (advanced).

=========================================================================
Advanced HDL Synthesis Report

Macro Statistics
# RAMs                                                 : 9
 1024x32-bit single-port distributed Read Only RAM     : 1
 1024x8-bit single-port distributed RAM                : 4
 64x8-bit dual-port distributed RAM                    : 4
# Adders/Subtractors                                   : 29
 10-bit adder                                          : 22
 32-bit adder                                          : 2
 32-bit adder carry in                                 : 1
 5-bit subtractor                                      : 3
 8-bit adder                                           : 1
# Counters                                             : 1
 2-bit up counter                                      : 1
# Registers                                            : 1070
 Flip-Flops                                            : 1070
# Comparators                                          : 31
 10-bit comparator greater                             : 4
 10-bit comparator lessequal                           : 13
 11-bit comparator lessequal                           : 2
 12-bit comparator lessequal                           : 2
 13-bit comparator lessequal                           : 2
 14-bit comparator lessequal                           : 2
 15-bit comparator lessequal                           : 2
 16-bit comparator lessequal                           : 1
 32-bit comparator greater                             : 2
 8-bit comparator not equal                            : 1
# Multiplexers                                         : 335
 1-bit 2-to-1 multiplexer                              : 152
 1-bit 31-to-1 multiplexer                             : 64
 10-bit 2-to-1 multiplexer                             : 8
 2-bit 2-to-1 multiplexer                              : 7
 3-bit 2-to-1 multiplexer                              : 13
 32-bit 2-to-1 multiplexer                             : 26
 32-bit 4-to-1 multiplexer                             : 11
 32-bit 7-to-1 multiplexer                             : 2
 4-bit 2-to-1 multiplexer                              : 13
 5-bit 2-to-1 multiplexer                              : 3
 8-bit 2-to-1 multiplexer                              : 35
 8-bit 4-to-1 multiplexer                              : 1
# Logic shifters                                       : 3
 32-bit shifter arithmetic right                       : 1
 32-bit shifter logical left                           : 1
 32-bit shifter logical right                          : 1
# Xors                                                 : 1
 32-bit xor2                                           : 1

=========================================================================

=========================================================================
*                         Low Level Synthesis                           *
=========================================================================

Optimizing unit <pc> ...

Optimizing unit <mips> ...

Optimizing unit <md_io> ...

Optimizing unit <md> ...

Optimizing unit <mmioVGA> ...

Optimizing unit <RAM> ...

Optimizing unit <reg> ...

Optimizing unit <control1> ...

Optimizing unit <alu> ...

Optimizing unit <alu_parcial> ...

Mapping all equations...
Building and optimizing final netlist ...
Found area constraint ratio of 100 (+ 5) on block mips, actual ratio is 53.

Final Macro Processing ...

=========================================================================
Final Register Report

Macro Statistics
# Registers                                            : 1072
 Flip-Flops                                            : 1072

=========================================================================

=========================================================================
*                           Partition Report                            *
=========================================================================

Partition Implementation Status
-------------------------------

  No Partitions were found in this design.

-------------------------------

=========================================================================
*                            Design Summary                             *
=========================================================================

Top Level Output File Name         : mips.ngc

Primitive and Black Box Usage:
------------------------------
# BELS                             : 3055
#      GND                         : 1
#      INV                         : 21
#      LUT1                        : 28
#      LUT2                        : 74
#      LUT3                        : 125
#      LUT4                        : 301
#      LUT5                        : 336
#      LUT6                        : 1812
#      MUXCY                       : 121
#      MUXF7                       : 143
#      VCC                         : 1
#      XORCY                       : 92
# FlipFlops/Latches                : 1072
#      FDC                         : 8
#      FDCE                        : 6
#      FDE                         : 963
#      FDP                         : 2
#      FDPE                        : 4
#      FDR                         : 36
#      FDRE                        : 52
#      FDS                         : 1
# RAMS                             : 160
#      RAM256X1S                   : 128
#      RAM64X1D                    : 32
# Clock Buffers                    : 2
#      BUFG                        : 1
#      BUFGP                       : 1
# IO Buffers                       : 24
#      IBUF                        : 14
#      OBUF                        : 10

Device utilization summary:
---------------------------

Selected Device : 6slx9csg324-2 


Slice Logic Utilization: 
 Number of Slice Registers:            1072  out of  11440     9%  
 Number of Slice LUTs:                 3273  out of   5720    57%  
    Number used as Logic:              2697  out of   5720    47%  
    Number used as Memory:              576  out of   1440    40%  
       Number used as RAM:              576

Slice Logic Distribution: 
 Number of LUT Flip Flop pairs used:   4058
   Number with an unused Flip Flop:    2986  out of   4058    73%  
   Number with an unused LUT:           785  out of   4058    19%  
   Number of fully used LUT-FF pairs:   287  out of   4058     7%  
   Number of unique control sets:        41

IO Utilization: 
 Number of IOs:                          25
 Number of bonded IOBs:                  25  out of    200    12%  

Specific Feature Utilization:
 Number of BUFG/BUFGCTRLs:                2  out of     16    12%  

---------------------------
Partition Resource Summary:
---------------------------

  No Partitions were found in this design.

---------------------------


=========================================================================
Timing Report

NOTE: THESE TIMING NUMBERS ARE ONLY A SYNTHESIS ESTIMATE.
      FOR ACCURATE TIMING INFORMATION PLEASE REFER TO THE TRACE REPORT
      GENERATED AFTER PLACE-and-ROUTE.

Clock Information:
------------------
-----------------------------------+------------------------+-------+
Clock Signal                       | Clock buffer(FF name)  | Load  |
-----------------------------------+------------------------+-------+
clk100Mhz                          | BUFGP                  | 2     |
Inst_Clock_divider/count_1         | BUFG                   | 1230  |
-----------------------------------+------------------------+-------+

Asynchronous Control Signals Information:
----------------------------------------
No asynchronous control signals found in this design

Timing Summary:
---------------
Speed Grade: -2

   Minimum period: 25.365ns (Maximum Frequency: 39.425MHz)
   Minimum input arrival time before clock: 5.348ns
   Maximum output required time after clock: 28.581ns
   Maximum combinational path delay: No path found

Timing Details:
---------------
All values displayed in nanoseconds (ns)

=========================================================================
Timing constraint: Default period analysis for Clock 'clk100Mhz'
  Clock period: 2.793ns (frequency: 358.038MHz)
  Total number of paths / destination ports: 7 / 4
-------------------------------------------------------------------------
Delay:               2.793ns (Levels of Logic = 1)
  Source:            Inst_Clock_divider/count_1 (FF)
  Destination:       Inst_Clock_divider/count_1 (FF)
  Source Clock:      clk100Mhz rising
  Destination Clock: clk100Mhz rising

  Data Path: Inst_Clock_divider/count_1 to Inst_Clock_divider/count_1
                                Gate     Net
    Cell:in->out      fanout   Delay   Delay  Logical Name (Net Name)
    ----------------------------------------  ------------
     FDR:C->Q              2   0.525   0.834  Inst_Clock_divider/count_1 (Inst_Clock_divider/count_1)
     LUT2:I0->O            2   0.250   0.725  Inst_Clock_divider/PWR_5_o_count[1]_equal_1_o<1>1 (Inst_Clock_divider/PWR_5_o_count[1]_equal_1_o)
     FDR:R                     0.459          Inst_Clock_divider/count_0
    ----------------------------------------
    Total                      2.793ns (1.234ns logic, 1.559ns route)
                                       (44.2% logic, 55.8% route)

=========================================================================
Timing constraint: Default period analysis for Clock 'Inst_Clock_divider/count_1'
  Clock period: 25.365ns (frequency: 39.425MHz)
  Total number of paths / destination ports: 441561314622 / 3927
-------------------------------------------------------------------------
Delay:               25.365ns (Levels of Logic = 19)
  Source:            Inst_pc/s_2 (FF)
  Destination:       Inst_pc/s_31 (FF)
  Source Clock:      Inst_Clock_divider/count_1 rising
  Destination Clock: Inst_Clock_divider/count_1 rising

  Data Path: Inst_pc/s_2 to Inst_pc/s_31
                                Gate     Net
    Cell:in->out      fanout   Delay   Delay  Logical Name (Net Name)
    ----------------------------------------  ------------
     FDR:C->Q            259   0.525   2.887  Inst_pc/s_2 (Inst_pc/s_2)
     LUT6:I0->O           17   0.254   1.209  Inst_mi/Mram_s1081 (Inst_mi/Mram_s108)
     LUT6:I5->O            1   0.254   0.682  Inst_mi/Mram_s2141219_SW1 (N290)
     LUT6:I5->O            1   0.254   0.682  Inst_mi/Mram_s2141219 (Inst_mi/Mram_s2141218)
     LUT6:I5->O          319   0.254   2.439  Inst_mi/Mram_s2141246 (instruccion<21>)
     LUT6:I5->O            1   0.254   1.137  Inst_reg/mux11_91 (Inst_reg/mux11_91)
     LUT6:I0->O            1   0.254   0.000  Inst_reg/mux11_2_f7_G (N711)
     MUXF7:I1->O           2   0.175   0.726  Inst_reg/mux11_2_f7 (Inst_reg/GND_16_o_X_16_o_wide_mux_2_OUT<1>)
     LUT6:I5->O           12   0.254   1.069  Inst_reg/Mmux_rd1121 (lee_reg1<1>)
     LUT6:I5->O           14   0.254   1.235  Inst_alu/Mmux_shift_amount21_3 (Inst_alu/Mmux_shift_amount212)
     LUT6:I4->O            9   0.250   1.084  Inst_alu/Sh1201 (Inst_alu/Sh120)
     LUT4:I2->O            1   0.250   0.682  Inst_alu/Mmux_s_mux317 (Inst_alu/Mmux_s_mux316)
     LUT5:I4->O            1   0.254   0.682  Inst_alu/Mmux_s_mux318 (Inst_alu/Mmux_s_mux317)
     LUT6:I5->O            1   0.254   0.000  Inst_alu/Mmux_s_mux319_G (N873)
     MUXF7:I1->O         136   0.175   2.320  Inst_alu/Mmux_s_mux319 (salida_alu<8>)
     LUT4:I3->O            1   0.254   0.682  Inst_alu/zero<31>6_SW0 (N351)
     LUT6:I5->O            1   0.254   0.682  Inst_alu/zero<31>7 (Inst_alu/zero<31>6)
     LUT6:I5->O            2   0.254   0.726  Inst_alu/zero<31>8 (cero)
     LUT6:I5->O           16   0.254   1.182  Inst_mux32_branch/sel_INV_347_o1 (Inst_mux32_branch/sel_INV_347_o)
     LUT6:I5->O            1   0.254   0.000  Inst_mux32_4a1_jump/Mmux_s211 (nuevo_pc<28>)
     FDR:D                     0.074          Inst_pc/s_28
    ----------------------------------------
    Total                     25.365ns (5.259ns logic, 20.106ns route)
                                       (20.7% logic, 79.3% route)

=========================================================================
Timing constraint: Default OFFSET IN BEFORE for Clock 'Inst_Clock_divider/count_1'
  Total number of paths / destination ports: 536 / 254
-------------------------------------------------------------------------
Offset:              5.348ns (Levels of Logic = 5)
  Source:            DPSwitch<0> (PAD)
  Destination:       Inst_reg/reg_0_0 (FF)
  Destination Clock: Inst_Clock_divider/count_1 rising

  Data Path: DPSwitch<0> to Inst_reg/reg_0_0
                                Gate     Net
    Cell:in->out      fanout   Delay   Delay  Logical Name (Net Name)
    ----------------------------------------  ------------
     IBUF:I->O             3   1.328   1.221  DPSwitch_0_IBUF (DPSwitch_0_IBUF)
     LUT6:I0->O            1   0.254   0.000  Inst_md_io/Inst_decodificador/csSW<31>1_SW3_G (N891)
     MUXF7:I1->O           1   0.175   0.790  Inst_md_io/Inst_decodificador/csSW<31>1_SW3 (N588)
     LUT6:I4->O            2   0.250   1.002  Inst_mux32_lui/Mmux_s19_SW1 (N77)
     LUT6:I2->O           16   0.254   0.000  Inst_mux32_lui/Mmux_s110 (escribe_reg<0>)
     FDE:D                     0.074          Inst_reg/reg_1_0
    ----------------------------------------
    Total                      5.348ns (2.335ns logic, 3.013ns route)
                                       (43.7% logic, 56.3% route)

=========================================================================
Timing constraint: Default OFFSET OUT AFTER for Clock 'Inst_Clock_divider/count_1'
  Total number of paths / destination ports: 105583914 / 10
-------------------------------------------------------------------------
Offset:              28.581ns (Levels of Logic = 18)
  Source:            Inst_pc/s_2 (FF)
  Destination:       Red<2> (PAD)
  Source Clock:      Inst_Clock_divider/count_1 rising

  Data Path: Inst_pc/s_2 to Red<2>
                                Gate     Net
    Cell:in->out      fanout   Delay   Delay  Logical Name (Net Name)
    ----------------------------------------  ------------
     FDR:C->Q            259   0.525   2.887  Inst_pc/s_2 (Inst_pc/s_2)
     LUT6:I0->O           17   0.254   1.209  Inst_mi/Mram_s1081 (Inst_mi/Mram_s108)
     LUT6:I5->O            1   0.254   0.682  Inst_mi/Mram_s2141219_SW1 (N290)
     LUT6:I5->O            1   0.254   0.682  Inst_mi/Mram_s2141219 (Inst_mi/Mram_s2141218)
     LUT6:I5->O          319   0.254   2.439  Inst_mi/Mram_s2141246 (instruccion<21>)
     LUT6:I5->O            1   0.254   1.137  Inst_reg/mux11_91 (Inst_reg/mux11_91)
     LUT6:I0->O            1   0.254   0.000  Inst_reg/mux11_2_f7_G (N711)
     MUXF7:I1->O           2   0.175   0.726  Inst_reg/mux11_2_f7 (Inst_reg/GND_16_o_X_16_o_wide_mux_2_OUT<1>)
     LUT6:I5->O           12   0.254   1.069  Inst_reg/Mmux_rd1121 (lee_reg1<1>)
     LUT6:I5->O           16   0.254   1.290  Inst_alu/Mmux_shift_amount21_1 (Inst_alu/Mmux_shift_amount21)
     LUT6:I4->O            5   0.250   0.949  Inst_alu/Sh71 (Inst_alu/Sh7)
     LUT4:I2->O            1   0.250   0.682  Inst_alu/Mmux_s_mux308 (Inst_alu/Mmux_s_mux307)
     LUT6:I5->O            4   0.254   0.804  Inst_alu/Mmux_s_mux3010 (Inst_alu/Mmux_s_mux309)
     LUT5:I4->O          133   0.254   2.741  Inst_alu/Mmux_s_mux3011 (salida_alu<7>)
     LUT5:I0->O            1   0.254   0.910  Inst_md_io/Inst_mmioVGA/Inst_RAM/memWrite_memWrite_OR_141_o8_SW0_SW0 (N912)
     LUT6:I3->O            1   0.235   0.910  Inst_md_io/Inst_mmioVGA/Inst_RAM/memWrite_memWrite_OR_141_o8_SW0 (N908)
     LUT6:I3->O            8   0.235   1.172  Inst_md_io/Inst_mmioVGA/Inst_RAM/memWrite_memWrite_OR_141_o8 (Inst_md_io/Inst_mmioVGA/Inst_RAM/memWrite_memWrite_OR_141_o)
     LUT3:I0->O            1   0.235   0.681  Inst_md_io/Inst_mmioVGA/Inst_Pinta_IMG/Mmux_red1 (Red_0_OBUF)
     OBUF:I->O                 2.912          Red_0_OBUF (Red<0>)
    ----------------------------------------
    Total                     28.581ns (7.611ns logic, 20.970ns route)
                                       (26.6% logic, 73.4% route)

=========================================================================

Cross Clock Domains Report:
--------------------------

Clock to Setup on destination clock Inst_Clock_divider/count_1
--------------------------+---------+---------+---------+---------+
                          | Src:Rise| Src:Fall| Src:Rise| Src:Fall|
Source Clock              |Dest:Rise|Dest:Rise|Dest:Fall|Dest:Fall|
--------------------------+---------+---------+---------+---------+
Inst_Clock_divider/count_1|   25.365|         |         |         |
--------------------------+---------+---------+---------+---------+

Clock to Setup on destination clock clk100Mhz
---------------+---------+---------+---------+---------+
               | Src:Rise| Src:Fall| Src:Rise| Src:Fall|
Source Clock   |Dest:Rise|Dest:Rise|Dest:Fall|Dest:Fall|
---------------+---------+---------+---------+---------+
clk100Mhz      |    2.793|         |         |         |
---------------+---------+---------+---------+---------+

=========================================================================


Total REAL time to Xst completion: 50.00 secs
Total CPU time to Xst completion: 50.50 secs
 
--> 

Total memory usage is 4573600 kilobytes

Number of errors   :    0 (   0 filtered)
Number of warnings :    0 (   0 filtered)
Number of infos    :   12 (   0 filtered)

