--------------------------------------------------------------------------------
Release 14.7 Trace  (nt64)
Copyright (c) 1995-2013 Xilinx, Inc.  All rights reserved.

D:\Xilinx\14.7\ISE_DS\ISE\bin\nt64\unwrapped\trce.exe -intstyle ise -v 3 -s 2
-n 3 -fastpaths -xml mips.twx mips.ncd -o mips.twr mips.pcf -ucf
User Constraints File.ucf

Design file:              mips.ncd
Physical constraint file: mips.pcf
Device,package,speed:     xc6slx9,csg324,C,-2 (PRODUCTION 1.23 2013-10-13)
Report level:             verbose report

Environment Variable      Effect 
--------------------      ------ 
NONE                      No environment variables were set
--------------------------------------------------------------------------------

INFO:Timing:3412 - To improve timing, see the Timing Closure User Guide (UG612).
INFO:Timing:2752 - To get complete path coverage, use the unconstrained paths 
   option. All paths that are not constrained will be reported in the 
   unconstrained paths section(s) of the report.
INFO:Timing:3339 - The clock-to-out numbers in this timing report are based on 
   a 50 Ohm transmission line loading model.  For the details of this model, 
   and for more information on accounting for different loading conditions, 
   please see the device datasheet.

================================================================================
Timing constraint: NET "clk100Mhz_BUFGP/IBUFG" PERIOD = 10 ns HIGH 50%;
For more information, see Period Analysis in the Timing Closure User Guide (UG612).

 7 paths analyzed, 5 endpoints analyzed, 0 failing endpoints
 0 timing errors detected. (0 setup errors, 0 hold errors, 0 component switching limit errors)
 Minimum period is   2.666ns.
--------------------------------------------------------------------------------

Paths for end point Inst_Clock_divider/count_1 (SLICE_X15Y31.SR), 2 paths
--------------------------------------------------------------------------------
Slack (setup path):     7.882ns (requirement - (data path - clock path skew + uncertainty))
  Source:               Inst_Clock_divider/count_0 (FF)
  Destination:          Inst_Clock_divider/count_1 (FF)
  Requirement:          10.000ns
  Data Path Delay:      2.083ns (Levels of Logic = 1)
  Clock Path Skew:      0.000ns
  Source Clock:         clk100Mhz_BUFGP rising at 0.000ns
  Destination Clock:    clk100Mhz_BUFGP rising at 10.000ns
  Clock Uncertainty:    0.035ns

  Clock Uncertainty:          0.035ns  ((TSJ^2 + TIJ^2)^1/2 + DJ) / 2 + PE
    Total System Jitter (TSJ):  0.070ns
    Total Input Jitter (TIJ):   0.000ns
    Discrete Jitter (DJ):       0.000ns
    Phase Error (PE):           0.000ns

  Maximum Data Path at Slow Process Corner: Inst_Clock_divider/count_0 to Inst_Clock_divider/count_1
    Location             Delay type         Delay(ns)  Physical Resource
                                                       Logical Resource(s)
    -------------------------------------------------  -------------------
    SLICE_X15Y31.AQ      Tcko                  0.430   Inst_Clock_divider/count<1>
                                                       Inst_Clock_divider/count_0
    SLICE_X15Y31.B1      net (fanout=2)        0.532   Inst_Clock_divider/count<0>
    SLICE_X15Y31.BMUX    Tilo                  0.337   Inst_Clock_divider/count<1>
                                                       Inst_Clock_divider/PWR_5_o_count[1]_equal_1_o<1>1
    SLICE_X15Y31.SR      net (fanout=1)        0.371   Inst_Clock_divider/PWR_5_o_count[1]_equal_1_o
    SLICE_X15Y31.CLK     Tsrck                 0.413   Inst_Clock_divider/count<1>
                                                       Inst_Clock_divider/count_1
    -------------------------------------------------  ---------------------------
    Total                                      2.083ns (1.180ns logic, 0.903ns route)
                                                       (56.6% logic, 43.4% route)

--------------------------------------------------------------------------------
Slack (setup path):     8.166ns (requirement - (data path - clock path skew + uncertainty))
  Source:               Inst_Clock_divider/count_1 (FF)
  Destination:          Inst_Clock_divider/count_1 (FF)
  Requirement:          10.000ns
  Data Path Delay:      1.799ns (Levels of Logic = 1)
  Clock Path Skew:      0.000ns
  Source Clock:         clk100Mhz_BUFGP rising at 0.000ns
  Destination Clock:    clk100Mhz_BUFGP rising at 10.000ns
  Clock Uncertainty:    0.035ns

  Clock Uncertainty:          0.035ns  ((TSJ^2 + TIJ^2)^1/2 + DJ) / 2 + PE
    Total System Jitter (TSJ):  0.070ns
    Total Input Jitter (TIJ):   0.000ns
    Discrete Jitter (DJ):       0.000ns
    Phase Error (PE):           0.000ns

  Maximum Data Path at Slow Process Corner: Inst_Clock_divider/count_1 to Inst_Clock_divider/count_1
    Location             Delay type         Delay(ns)  Physical Resource
                                                       Logical Resource(s)
    -------------------------------------------------  -------------------
    SLICE_X15Y31.BQ      Tcko                  0.430   Inst_Clock_divider/count<1>
                                                       Inst_Clock_divider/count_1
    SLICE_X15Y31.B5      net (fanout=2)        0.248   Inst_Clock_divider/count<1>
    SLICE_X15Y31.BMUX    Tilo                  0.337   Inst_Clock_divider/count<1>
                                                       Inst_Clock_divider/PWR_5_o_count[1]_equal_1_o<1>1
    SLICE_X15Y31.SR      net (fanout=1)        0.371   Inst_Clock_divider/PWR_5_o_count[1]_equal_1_o
    SLICE_X15Y31.CLK     Tsrck                 0.413   Inst_Clock_divider/count<1>
                                                       Inst_Clock_divider/count_1
    -------------------------------------------------  ---------------------------
    Total                                      1.799ns (1.180ns logic, 0.619ns route)
                                                       (65.6% logic, 34.4% route)

--------------------------------------------------------------------------------

Paths for end point Inst_Clock_divider/count_0 (SLICE_X15Y31.SR), 2 paths
--------------------------------------------------------------------------------
Slack (setup path):     7.885ns (requirement - (data path - clock path skew + uncertainty))
  Source:               Inst_Clock_divider/count_0 (FF)
  Destination:          Inst_Clock_divider/count_0 (FF)
  Requirement:          10.000ns
  Data Path Delay:      2.080ns (Levels of Logic = 1)
  Clock Path Skew:      0.000ns
  Source Clock:         clk100Mhz_BUFGP rising at 0.000ns
  Destination Clock:    clk100Mhz_BUFGP rising at 10.000ns
  Clock Uncertainty:    0.035ns

  Clock Uncertainty:          0.035ns  ((TSJ^2 + TIJ^2)^1/2 + DJ) / 2 + PE
    Total System Jitter (TSJ):  0.070ns
    Total Input Jitter (TIJ):   0.000ns
    Discrete Jitter (DJ):       0.000ns
    Phase Error (PE):           0.000ns

  Maximum Data Path at Slow Process Corner: Inst_Clock_divider/count_0 to Inst_Clock_divider/count_0
    Location             Delay type         Delay(ns)  Physical Resource
                                                       Logical Resource(s)
    -------------------------------------------------  -------------------
    SLICE_X15Y31.AQ      Tcko                  0.430   Inst_Clock_divider/count<1>
                                                       Inst_Clock_divider/count_0
    SLICE_X15Y31.B1      net (fanout=2)        0.532   Inst_Clock_divider/count<0>
    SLICE_X15Y31.BMUX    Tilo                  0.337   Inst_Clock_divider/count<1>
                                                       Inst_Clock_divider/PWR_5_o_count[1]_equal_1_o<1>1
    SLICE_X15Y31.SR      net (fanout=1)        0.371   Inst_Clock_divider/PWR_5_o_count[1]_equal_1_o
    SLICE_X15Y31.CLK     Tsrck                 0.410   Inst_Clock_divider/count<1>
                                                       Inst_Clock_divider/count_0
    -------------------------------------------------  ---------------------------
    Total                                      2.080ns (1.177ns logic, 0.903ns route)
                                                       (56.6% logic, 43.4% route)

--------------------------------------------------------------------------------
Slack (setup path):     8.169ns (requirement - (data path - clock path skew + uncertainty))
  Source:               Inst_Clock_divider/count_1 (FF)
  Destination:          Inst_Clock_divider/count_0 (FF)
  Requirement:          10.000ns
  Data Path Delay:      1.796ns (Levels of Logic = 1)
  Clock Path Skew:      0.000ns
  Source Clock:         clk100Mhz_BUFGP rising at 0.000ns
  Destination Clock:    clk100Mhz_BUFGP rising at 10.000ns
  Clock Uncertainty:    0.035ns

  Clock Uncertainty:          0.035ns  ((TSJ^2 + TIJ^2)^1/2 + DJ) / 2 + PE
    Total System Jitter (TSJ):  0.070ns
    Total Input Jitter (TIJ):   0.000ns
    Discrete Jitter (DJ):       0.000ns
    Phase Error (PE):           0.000ns

  Maximum Data Path at Slow Process Corner: Inst_Clock_divider/count_1 to Inst_Clock_divider/count_0
    Location             Delay type         Delay(ns)  Physical Resource
                                                       Logical Resource(s)
    -------------------------------------------------  -------------------
    SLICE_X15Y31.BQ      Tcko                  0.430   Inst_Clock_divider/count<1>
                                                       Inst_Clock_divider/count_1
    SLICE_X15Y31.B5      net (fanout=2)        0.248   Inst_Clock_divider/count<1>
    SLICE_X15Y31.BMUX    Tilo                  0.337   Inst_Clock_divider/count<1>
                                                       Inst_Clock_divider/PWR_5_o_count[1]_equal_1_o<1>1
    SLICE_X15Y31.SR      net (fanout=1)        0.371   Inst_Clock_divider/PWR_5_o_count[1]_equal_1_o
    SLICE_X15Y31.CLK     Tsrck                 0.410   Inst_Clock_divider/count<1>
                                                       Inst_Clock_divider/count_0
    -------------------------------------------------  ---------------------------
    Total                                      1.796ns (1.177ns logic, 0.619ns route)
                                                       (65.5% logic, 34.5% route)

--------------------------------------------------------------------------------

Paths for end point Inst_Clock_divider/count_1 (SLICE_X15Y31.B1), 1 path
--------------------------------------------------------------------------------
Slack (setup path):     8.630ns (requirement - (data path - clock path skew + uncertainty))
  Source:               Inst_Clock_divider/count_0 (FF)
  Destination:          Inst_Clock_divider/count_1 (FF)
  Requirement:          10.000ns
  Data Path Delay:      1.335ns (Levels of Logic = 1)
  Clock Path Skew:      0.000ns
  Source Clock:         clk100Mhz_BUFGP rising at 0.000ns
  Destination Clock:    clk100Mhz_BUFGP rising at 10.000ns
  Clock Uncertainty:    0.035ns

  Clock Uncertainty:          0.035ns  ((TSJ^2 + TIJ^2)^1/2 + DJ) / 2 + PE
    Total System Jitter (TSJ):  0.070ns
    Total Input Jitter (TIJ):   0.000ns
    Discrete Jitter (DJ):       0.000ns
    Phase Error (PE):           0.000ns

  Maximum Data Path at Slow Process Corner: Inst_Clock_divider/count_0 to Inst_Clock_divider/count_1
    Location             Delay type         Delay(ns)  Physical Resource
                                                       Logical Resource(s)
    -------------------------------------------------  -------------------
    SLICE_X15Y31.AQ      Tcko                  0.430   Inst_Clock_divider/count<1>
                                                       Inst_Clock_divider/count_0
    SLICE_X15Y31.B1      net (fanout=2)        0.532   Inst_Clock_divider/count<0>
    SLICE_X15Y31.CLK     Tas                   0.373   Inst_Clock_divider/count<1>
                                                       Inst_Clock_divider/Mcount_count_xor<1>11
                                                       Inst_Clock_divider/count_1
    -------------------------------------------------  ---------------------------
    Total                                      1.335ns (0.803ns logic, 0.532ns route)
                                                       (60.1% logic, 39.9% route)

--------------------------------------------------------------------------------

Hold Paths: NET "clk100Mhz_BUFGP/IBUFG" PERIOD = 10 ns HIGH 50%;
--------------------------------------------------------------------------------

Paths for end point Inst_Clock_divider/count_0 (SLICE_X15Y31.A6), 1 path
--------------------------------------------------------------------------------
Slack (hold path):      0.438ns (requirement - (clock path skew + uncertainty - data path))
  Source:               Inst_Clock_divider/count_0 (FF)
  Destination:          Inst_Clock_divider/count_0 (FF)
  Requirement:          0.000ns
  Data Path Delay:      0.438ns (Levels of Logic = 1)
  Clock Path Skew:      0.000ns
  Source Clock:         clk100Mhz_BUFGP rising at 10.000ns
  Destination Clock:    clk100Mhz_BUFGP rising at 10.000ns
  Clock Uncertainty:    0.000ns

  Minimum Data Path at Fast Process Corner: Inst_Clock_divider/count_0 to Inst_Clock_divider/count_0
    Location             Delay type         Delay(ns)  Physical Resource
                                                       Logical Resource(s)
    -------------------------------------------------  -------------------
    SLICE_X15Y31.AQ      Tcko                  0.198   Inst_Clock_divider/count<1>
                                                       Inst_Clock_divider/count_0
    SLICE_X15Y31.A6      net (fanout=2)        0.025   Inst_Clock_divider/count<0>
    SLICE_X15Y31.CLK     Tah         (-Th)    -0.215   Inst_Clock_divider/count<1>
                                                       Inst_Clock_divider/Mcount_count_xor<0>11_INV_0
                                                       Inst_Clock_divider/count_0
    -------------------------------------------------  ---------------------------
    Total                                      0.438ns (0.413ns logic, 0.025ns route)
                                                       (94.3% logic, 5.7% route)

--------------------------------------------------------------------------------

Paths for end point Inst_Clock_divider/count_1 (SLICE_X15Y31.B5), 1 path
--------------------------------------------------------------------------------
Slack (hold path):      0.490ns (requirement - (clock path skew + uncertainty - data path))
  Source:               Inst_Clock_divider/count_1 (FF)
  Destination:          Inst_Clock_divider/count_1 (FF)
  Requirement:          0.000ns
  Data Path Delay:      0.490ns (Levels of Logic = 1)
  Clock Path Skew:      0.000ns
  Source Clock:         clk100Mhz_BUFGP rising at 10.000ns
  Destination Clock:    clk100Mhz_BUFGP rising at 10.000ns
  Clock Uncertainty:    0.000ns

  Minimum Data Path at Fast Process Corner: Inst_Clock_divider/count_1 to Inst_Clock_divider/count_1
    Location             Delay type         Delay(ns)  Physical Resource
                                                       Logical Resource(s)
    -------------------------------------------------  -------------------
    SLICE_X15Y31.BQ      Tcko                  0.198   Inst_Clock_divider/count<1>
                                                       Inst_Clock_divider/count_1
    SLICE_X15Y31.B5      net (fanout=2)        0.077   Inst_Clock_divider/count<1>
    SLICE_X15Y31.CLK     Tah         (-Th)    -0.215   Inst_Clock_divider/count<1>
                                                       Inst_Clock_divider/Mcount_count_xor<1>11
                                                       Inst_Clock_divider/count_1
    -------------------------------------------------  ---------------------------
    Total                                      0.490ns (0.413ns logic, 0.077ns route)
                                                       (84.3% logic, 15.7% route)

--------------------------------------------------------------------------------

Paths for end point Inst_Clock_divider/count_0 (SLICE_X15Y31.SR), 2 paths
--------------------------------------------------------------------------------
Slack (hold path):      0.507ns (requirement - (clock path skew + uncertainty - data path))
  Source:               Inst_Clock_divider/count_1 (FF)
  Destination:          Inst_Clock_divider/count_0 (FF)
  Requirement:          0.000ns
  Data Path Delay:      0.507ns (Levels of Logic = 1)
  Clock Path Skew:      0.000ns
  Source Clock:         clk100Mhz_BUFGP rising at 10.000ns
  Destination Clock:    clk100Mhz_BUFGP rising at 10.000ns
  Clock Uncertainty:    0.000ns

  Minimum Data Path at Fast Process Corner: Inst_Clock_divider/count_1 to Inst_Clock_divider/count_0
    Location             Delay type         Delay(ns)  Physical Resource
                                                       Logical Resource(s)
    -------------------------------------------------  -------------------
    SLICE_X15Y31.BQ      Tcko                  0.198   Inst_Clock_divider/count<1>
                                                       Inst_Clock_divider/count_1
    SLICE_X15Y31.B5      net (fanout=2)        0.077   Inst_Clock_divider/count<1>
    SLICE_X15Y31.BMUX    Tilo                  0.203   Inst_Clock_divider/count<1>
                                                       Inst_Clock_divider/PWR_5_o_count[1]_equal_1_o<1>1
    SLICE_X15Y31.SR      net (fanout=1)        0.160   Inst_Clock_divider/PWR_5_o_count[1]_equal_1_o
    SLICE_X15Y31.CLK     Tcksr       (-Th)     0.131   Inst_Clock_divider/count<1>
                                                       Inst_Clock_divider/count_0
    -------------------------------------------------  ---------------------------
    Total                                      0.507ns (0.270ns logic, 0.237ns route)
                                                       (53.3% logic, 46.7% route)

--------------------------------------------------------------------------------
Slack (hold path):      0.695ns (requirement - (clock path skew + uncertainty - data path))
  Source:               Inst_Clock_divider/count_0 (FF)
  Destination:          Inst_Clock_divider/count_0 (FF)
  Requirement:          0.000ns
  Data Path Delay:      0.695ns (Levels of Logic = 1)
  Clock Path Skew:      0.000ns
  Source Clock:         clk100Mhz_BUFGP rising at 10.000ns
  Destination Clock:    clk100Mhz_BUFGP rising at 10.000ns
  Clock Uncertainty:    0.000ns

  Minimum Data Path at Fast Process Corner: Inst_Clock_divider/count_0 to Inst_Clock_divider/count_0
    Location             Delay type         Delay(ns)  Physical Resource
                                                       Logical Resource(s)
    -------------------------------------------------  -------------------
    SLICE_X15Y31.AQ      Tcko                  0.198   Inst_Clock_divider/count<1>
                                                       Inst_Clock_divider/count_0
    SLICE_X15Y31.B1      net (fanout=2)        0.265   Inst_Clock_divider/count<0>
    SLICE_X15Y31.BMUX    Tilo                  0.203   Inst_Clock_divider/count<1>
                                                       Inst_Clock_divider/PWR_5_o_count[1]_equal_1_o<1>1
    SLICE_X15Y31.SR      net (fanout=1)        0.160   Inst_Clock_divider/PWR_5_o_count[1]_equal_1_o
    SLICE_X15Y31.CLK     Tcksr       (-Th)     0.131   Inst_Clock_divider/count<1>
                                                       Inst_Clock_divider/count_0
    -------------------------------------------------  ---------------------------
    Total                                      0.695ns (0.270ns logic, 0.425ns route)
                                                       (38.8% logic, 61.2% route)

--------------------------------------------------------------------------------

Component Switching Limit Checks: NET "clk100Mhz_BUFGP/IBUFG" PERIOD = 10 ns HIGH 50%;
--------------------------------------------------------------------------------
Slack: 7.334ns (period - min period limit)
  Period: 10.000ns
  Min period limit: 2.666ns (375.094MHz) (Tbcper_I)
  Physical resource: clk100Mhz_BUFGP/BUFG/I0
  Logical resource: clk100Mhz_BUFGP/BUFG/I0
  Location pin: BUFGMUX_X3Y13.I0
  Clock network: clk100Mhz_BUFGP/IBUFG
--------------------------------------------------------------------------------
Slack: 9.530ns (period - min period limit)
  Period: 10.000ns
  Min period limit: 0.470ns (2127.660MHz) (Tcp)
  Physical resource: Inst_Clock_divider/count<1>/CLK
  Logical resource: Inst_Clock_divider/count_0/CK
  Location pin: SLICE_X15Y31.CLK
  Clock network: clk100Mhz_BUFGP
--------------------------------------------------------------------------------
Slack: 9.530ns (period - min period limit)
  Period: 10.000ns
  Min period limit: 0.470ns (2127.660MHz) (Tcp)
  Physical resource: Inst_Clock_divider/count<1>/CLK
  Logical resource: Inst_Clock_divider/count_1/CK
  Location pin: SLICE_X15Y31.CLK
  Clock network: clk100Mhz_BUFGP
--------------------------------------------------------------------------------


All constraints were met.


Data Sheet report:
-----------------
All values displayed in nanoseconds (ns)

Clock to Setup on destination clock clk100Mhz
---------------+---------+---------+---------+---------+
               | Src:Rise| Src:Fall| Src:Rise| Src:Fall|
Source Clock   |Dest:Rise|Dest:Rise|Dest:Fall|Dest:Fall|
---------------+---------+---------+---------+---------+
clk100Mhz      |    2.118|         |         |         |
---------------+---------+---------+---------+---------+


Timing summary:
---------------

Timing errors: 0  Score: 0  (Setup/Max: 0, Hold: 0)

Constraints cover 7 paths, 0 nets, and 6 connections

Design statistics:
   Minimum period:   2.666ns{1}   (Maximum frequency: 375.094MHz)


------------------------------------Footnotes-----------------------------------
1)  The minimum period statistic assumes all single cycle delays.

Analysis completed Sun Oct 18 23:40:08 2020 
--------------------------------------------------------------------------------

Trace Settings:
-------------------------
Trace Settings 

Peak Memory Usage: 4588 MB



